// Jest Snapshot v1, https://goo.gl/fbAQLP

exports[`Home Should render the layout 1`] = `
Array [
  <Context.Consumer>
    [Function]
  </Context.Consumer>,
]
`;
