// Jest Snapshot v1, https://goo.gl/fbAQLP

exports[`Card Should render the layout 1`] = `
Array [
  <styled.div />,
]
`;
